[    0.000000] Initializing cgroup subsys cpuset
[    0.000000] Initializing cgroup subsys cpu
[    0.000000] Initializing cgroup subsys cpuacct
[    0.000000] Linux version 4.4.0-96-generic (buildd@lgw01-10) (gcc version 5.4.0 20160609 (Ubuntu 5.4.0-6ubuntu1~16.04.4) ) #119-Ubuntu SMP Tue Sep 12 14:59:54 UTC 2017 (Ubuntu 4.4.0-96.119-generic 4.4.83)
[    0.000000] Command line: BOOT_IMAGE=/boot/vmlinuz-4.4.0-96-generic root=LABEL=cloudimg-rootfs ro console=tty1 console=ttyS0
[    0.000000] KERNEL supported cpus:
[    0.000000]   Intel GenuineIntel
[    0.000000]   AMD AuthenticAMD
[    0.000000]   Centaur CentaurHauls
[    0.000000] x86/fpu: xstate_offset[2]:  576, xstate_sizes[2]:  256
[    0.000000] x86/fpu: Supporting XSAVE feature 0x01: 'x87 floating point registers'
[    0.000000] x86/fpu: Supporting XSAVE feature 0x02: 'SSE registers'
[    0.000000] x86/fpu: Supporting XSAVE feature 0x04: 'AVX registers'
[    0.000000] x86/fpu: Enabled xstate features 0x7, context size is 832 bytes, using 'standard' format.
[    0.000000] x86/fpu: Using 'lazy' FPU context switches.
[    0.000000] e820: BIOS-provided physical RAM map:
[    0.000000] BIOS-e820: [mem 0x0000000000000000-0x000000000009fbff] usable
[    0.000000] BIOS-e820: [mem 0x000000000009fc00-0x000000000009ffff] reserved
[    0.000000] BIOS-e820: [mem 0x00000000000f0000-0x00000000000fffff] reserved
[    0.000000] BIOS-e820: [mem 0x0000000000100000-0x000000001ffeffff] usable
[    0.000000] BIOS-e820: [mem 0x000000001fff0000-0x000000001fffffff] ACPI data
[    0.000000] BIOS-e820: [mem 0x00000000fec00000-0x00000000fec00fff] reserved
[    0.000000] BIOS-e820: [mem 0x00000000fee00000-0x00000000fee00fff] reserved
[    0.000000] BIOS-e820: [mem 0x00000000fffc0000-0x00000000ffffffff] reserved
[    0.000000] NX (Execute Disable) protection: active
[    0.000000] SMBIOS 2.5 present.
[    0.000000] Hypervisor detected: KVM
[    0.000000] e820: last_pfn = 0x1fff0 max_arch_pfn = 0x400000000
[    0.000000] MTRR: Disabled
[    0.000000] x86/PAT: MTRRs disabled, skipping PAT initialization too.
[    0.000000] CPU MTRRs all blank - virtualized system.
[    0.000000] x86/PAT: Configuration [0-7]: WB  WT  UC- UC  WB  WT  UC- UC  
[    0.000000] found SMP MP-table at [mem 0x0009fff0-0x0009ffff] mapped at [ffff88000009fff0]
[    0.000000] Scanning 1 areas for low memory corruption
[    0.000000] RAMDISK: [mem 0x1edb0000-0x1f83bfff]
[    0.000000] ACPI: Early table checksum verification disabled
[    0.000000] ACPI: RSDP 0x00000000000E0000 000024 (v02 VBOX  )
[    0.000000] ACPI: XSDT 0x000000001FFF0030 00003C (v01 VBOX   VBOXXSDT 00000001 ASL  00000061)
[    0.000000] ACPI: FACP 0x000000001FFF00F0 0000F4 (v04 VBOX   VBOXFACP 00000001 ASL  00000061)
[    0.000000] ACPI: DSDT 0x000000001FFF0470 0021FF (v02 VBOX   VBOXBIOS 00000002 INTL 20100528)
[    0.000000] ACPI: FACS 0x000000001FFF0200 000040
[    0.000000] ACPI: FACS 0x000000001FFF0200 000040
[    0.000000] ACPI: APIC 0x000000001FFF0240 00005C (v02 VBOX   VBOXAPIC 00000001 ASL  00000061)
[    0.000000] ACPI: SSDT 0x000000001FFF02A0 0001CC (v01 VBOX   VBOXCPUT 00000002 INTL 20100528)
[    0.000000] No NUMA configuration found
[    0.000000] Faking a node at [mem 0x0000000000000000-0x000000001ffeffff]
[    0.000000] NODE_DATA(0) allocated [mem 0x1ffeb000-0x1ffeffff]
[    0.000000] kvm-clock: Using msrs 4b564d01 and 4b564d00
[    0.000000] kvm-clock: cpu 0, msr 0:1ffe3001, primary cpu clock
[    0.000000] kvm-clock: using sched offset of 3034172081 cycles
[    0.000000] clocksource: kvm-clock: mask: 0xffffffffffffffff max_cycles: 0x1cd42e4dffb, max_idle_ns: 881590591483 ns
[    0.000000] Zone ranges:
[    0.000000]   DMA      [mem 0x0000000000001000-0x0000000000ffffff]
[    0.000000]   DMA32    [mem 0x0000000001000000-0x000000001ffeffff]
[    0.000000]   Normal   empty
[    0.000000]   Device   empty
[    0.000000] Movable zone start for each node
[    0.000000] Early memory node ranges
[    0.000000]   node   0: [mem 0x0000000000001000-0x000000000009efff]
[    0.000000]   node   0: [mem 0x0000000000100000-0x000000001ffeffff]
[    0.000000] Initmem setup node 0 [mem 0x0000000000001000-0x000000001ffeffff]
[    0.000000] ACPI: PM-Timer IO Port: 0x4008
[    0.000000] IOAPIC[0]: apic_id 2, version 32, address 0xfec00000, GSI 0-23
[    0.000000] ACPI: INT_SRC_OVR (bus 0 bus_irq 0 global_irq 2 dfl dfl)
[    0.000000] ACPI: INT_SRC_OVR (bus 0 bus_irq 9 global_irq 9 high level)
[    0.000000] Using ACPI (MADT) for SMP configuration information
[    0.000000] smpboot: Allowing 2 CPUs, 0 hotplug CPUs
[    0.000000] PM: Registered nosave memory: [mem 0x00000000-0x00000fff]
[    0.000000] PM: Registered nosave memory: [mem 0x0009f000-0x0009ffff]
[    0.000000] PM: Registered nosave memory: [mem 0x000a0000-0x000effff]
[    0.000000] PM: Registered nosave memory: [mem 0x000f0000-0x000fffff]
[    0.000000] e820: [mem 0x20000000-0xfebfffff] available for PCI devices
[    0.000000] Booting paravirtualized kernel on KVM
[    0.000000] clocksource: refined-jiffies: mask: 0xffffffff max_cycles: 0xffffffff, max_idle_ns: 7645519600211568 ns
[    0.000000] setup_percpu: NR_CPUS:512 nr_cpumask_bits:512 nr_cpu_ids:2 nr_node_ids:1
[    0.000000] PERCPU: Embedded 34 pages/cpu @ffff88001fc00000 s98328 r8192 d32744 u1048576
[    0.000000] PV qspinlock hash table entries: 256 (order: 0, 4096 bytes)
[    0.000000] Built 1 zonelists in Node order, mobility grouping on.  Total pages: 128889
[    0.000000] Policy zone: DMA32
[    0.000000] Kernel command line: BOOT_IMAGE=/boot/vmlinuz-4.4.0-96-generic root=LABEL=cloudimg-rootfs ro console=tty1 console=ttyS0
[    0.000000] PID hash table entries: 2048 (order: 2, 16384 bytes)
[    0.000000] Memory: 485684K/523832K available (8479K kernel code, 1294K rwdata, 3984K rodata, 1492K init, 1316K bss, 38148K reserved, 0K cma-reserved)
[    0.000000] SLUB: HWalign=64, Order=0-3, MinObjects=0, CPUs=2, Nodes=1
[    0.000000] Hierarchical RCU implementation.
[    0.000000] 	Build-time adjustment of leaf fanout to 64.
[    0.000000] 	RCU restricting CPUs from NR_CPUS=512 to nr_cpu_ids=2.
[    0.000000] RCU: Adjusting geometry for rcu_fanout_leaf=64, nr_cpu_ids=2
[    0.000000] NR_IRQS:33024 nr_irqs:440 16
[    0.000000] Console: colour VGA+ 80x25
[    0.000000] console [tty1] enabled
[    0.000000] console [ttyS0] enabled
[    0.000000] tsc: Detected 2194.918 MHz processor
[   11.148004] Calibrating delay loop (skipped) preset value.. 4389.83 BogoMIPS (lpj=8779672)
[   11.274420] pid_max: default: 32768 minimum: 301
[   11.305901] ACPI: Core revision 20150930
[   11.351694] ACPI: 2 ACPI AML tables successfully acquired and loaded
[   11.446308] Security Framework initialized
[   11.508378] Yama: becoming mindful.
[   11.571204] AppArmor: AppArmor initialized
[   11.630653] Dentry cache hash table entries: 65536 (order: 7, 524288 bytes)
[   11.740035] Inode-cache hash table entries: 32768 (order: 6, 262144 bytes)
[   11.839061] Mount-cache hash table entries: 1024 (order: 1, 8192 bytes)
[   11.958050] Mountpoint-cache hash table entries: 1024 (order: 1, 8192 bytes)
[   12.063188] Initializing cgroup subsys io
[   12.123640] Initializing cgroup subsys memory
[   12.190843] Initializing cgroup subsys devices
[   12.250556] Initializing cgroup subsys freezer
[   12.315381] Initializing cgroup subsys net_cls
[   12.367712] Initializing cgroup subsys perf_event
[   12.399289] Initializing cgroup subsys net_prio
[   12.453938] Initializing cgroup subsys hugetlb
[   12.500235] Initializing cgroup subsys pids
[   12.534412] CPU: Physical Processor ID: 0
[   12.550381] CPU: Processor Core ID: 0
[   12.562144] mce: CPU supports 0 MCE banks
[   12.598704] Last level iTLB entries: 4KB 1024, 2MB 1024, 4MB 1024
[   12.650188] Last level dTLB entries: 4KB 1024, 2MB 1024, 4MB 1024, 1GB 4
[   12.744904] Freeing SMP alternatives memory: 32K
[   12.804172] ftrace: allocating 32146 entries in 126 pages
[   12.930067] smpboot: APIC(0) Converting physical 0 to logical package 0
[   13.022232] smpboot: Max logical packages: 1
[   13.106590] x2apic enabled
[   13.153216] Switched APIC routing to physical x2apic.
[   13.258419] ..TIMER: vector=0x30 apic1=0 pin1=2 apic2=-1 pin2=-1
[   13.478289] smpboot: CPU0: Intel(R) Core(TM) i7-4770HQ CPU @ 2.20GHz (family: 0x6, model: 0x46, stepping: 0x1)
[   13.578524] Performance Events: unsupported p6 CPU model 70 no PMU driver, software events only.
[   13.755217] KVM setup paravirtual spinlock
[   13.843256] x86: Booting SMP configuration:
[   13.909683] .... node  #0, CPUs:      #1
[   13.972691] kvm-clock: cpu 1, msr 0:1ffe3041, secondary cpu clock
[   14.098871] mce: CPU supports 0 MCE banks
[   14.175196] x86: Booted up 1 node, 2 CPUs
[   14.237637] smpboot: Total of 2 processors activated (8779.67 BogoMIPS)
[   14.342804] devtmpfs: initialized
[   14.413114] evm: security.selinux
[   14.461292] evm: security.SMACK64
[   14.511848] evm: security.SMACK64EXEC
[   14.556035] evm: security.SMACK64TRANSMUTE
[   14.586089] evm: security.SMACK64MMAP
[   14.619316] evm: security.ima
[   14.660276] evm: security.capability
[   14.716039] clocksource: jiffies: mask: 0xffffffff max_cycles: 0xffffffff, max_idle_ns: 7645041785100000 ns
[   14.888392] futex hash table entries: 512 (order: 3, 32768 bytes)
[   15.001558] pinctrl core: initialized pinctrl subsystem
[   15.083905] RTC time: 10:18:55, date: 10/08/17
[   15.157653] NET: Registered protocol family 16
[   15.239209] cpuidle: using governor ladder
[   15.315298] cpuidle: using governor menu
[   15.378924] PCCT header not found.
[   15.436254] ACPI: bus type PCI registered
[   15.501770] acpiphp: ACPI Hot Plug PCI Controller Driver version: 0.5
[   15.621248] PCI: Using configuration type 1 for base access
[   15.679551] ACPI: Added _OSI(Module Device)
[   15.692384] ACPI: Added _OSI(Processor Device)
[   15.734365] ACPI: Added _OSI(3.0 _SCP Extensions)
[   15.802747] ACPI: Added _OSI(Processor Aggregator Device)
[   15.880415] ACPI: Executed 1 blocks of module-level executable AML code
[   15.980694] ACPI: Interpreter enabled
[   16.041051] ACPI: (supports S0 S5)
[   16.103165] ACPI: Using IOAPIC for interrupt routing
[   16.178785] PCI: Using host bridge windows from ACPI; if necessary, use "pci=nocrs" and report a bug
[   16.354140] ACPI: PCI Root Bridge [PCI0] (domain 0000 [bus 00-ff])
[   16.451913] acpi PNP0A03:00: _OSC: OS supports [ASPM ClockPM Segments MSI]
[   16.583919] acpi PNP0A03:00: _OSC: not requesting OS control; OS requires [ExtendedConfig ASPM ClockPM MSI]
[   16.731077] acpi PNP0A03:00: fail to add MMCONFIG information, can't access extended PCI configuration space under this bridge.
[   16.823789] PCI host bridge to bus 0000:00
[   16.887548] pci_bus 0000:00: root bus resource [io  0x0000-0x0cf7 window]
[   16.984621] pci_bus 0000:00: root bus resource [io  0x0d00-0xffff window]
[   17.109343] pci_bus 0000:00: root bus resource [mem 0x000a0000-0x000bffff window]
[   17.230827] pci_bus 0000:00: root bus resource [mem 0x20000000-0xffdfffff window]
[   17.336322] pci_bus 0000:00: root bus resource [bus 00-ff]
[   17.432898] pci 0000:00:01.1: legacy IDE quirk: reg 0x10: [io  0x01f0-0x01f7]
[   17.499603] pci 0000:00:01.1: legacy IDE quirk: reg 0x14: [io  0x03f6]
[   17.544036] pci 0000:00:01.1: legacy IDE quirk: reg 0x18: [io  0x0170-0x0177]
[   17.664132] pci 0000:00:01.1: legacy IDE quirk: reg 0x1c: [io  0x0376]
[   17.790333] pci 0000:00:07.0: quirk: [io  0x4000-0x403f] claimed by PIIX4 ACPI
[   17.873724] pci 0000:00:07.0: quirk: [io  0x4100-0x410f] claimed by PIIX4 SMB
[   17.900319] ACPI: PCI Interrupt Link [LNKA] (IRQs 5 9 10 *11)
[   18.002083] ACPI: PCI Interrupt Link [LNKB] (IRQs 5 9 10 *11)
[   18.090853] ACPI: PCI Interrupt Link [LNKC] (IRQs 5 9 *10 11)
[   18.165773] ACPI: PCI Interrupt Link [LNKD] (IRQs 5 *9 10 11)
[   18.273020] ACPI: Enabled 2 GPEs in block 00 to 07
[   18.348411] vgaarb: setting as boot device: PCI:0000:00:02.0
[   18.419168] vgaarb: device added: PCI:0000:00:02.0,decodes=io+mem,owns=io+mem,locks=none
[   18.566161] vgaarb: loaded
[   18.598678] vgaarb: bridge control possible 0000:00:02.0
[   18.704041] SCSI subsystem initialized
[   18.749989] ACPI: bus type USB registered
[   18.826832] usbcore: registered new interface driver usbfs
[   18.933308] usbcore: registered new interface driver hub
[   18.970932] usbcore: registered new device driver usb
[   18.988338] PCI: Using ACPI for IRQ routing
[   19.004062] NetLabel: Initializing
[   19.061668] NetLabel:  domain hash size = 128
[   19.135234] NetLabel:  protocols = UNLABELED CIPSOv4
[   19.215414] NetLabel:  unlabeled traffic allowed by default
[   19.321895] amd_nb: Cannot enumerate AMD northbridges
[   19.404237] clocksource: Switched to clocksource kvm-clock
[   19.517518] AppArmor: AppArmor Filesystem Enabled
[   19.626592] pnp: PnP ACPI init
[   19.684319] pnp: PnP ACPI: found 3 devices
[   19.781011] clocksource: acpi_pm: mask: 0xffffff max_cycles: 0xffffff, max_idle_ns: 2085701024 ns
[   19.993785] NET: Registered protocol family 2
[   20.082798] TCP established hash table entries: 4096 (order: 3, 32768 bytes)
[   20.272269] TCP bind hash table entries: 4096 (order: 4, 65536 bytes)
[   20.377732] TCP: Hash tables configured (established 4096 bind 4096)
[   20.532169] UDP hash table entries: 256 (order: 1, 8192 bytes)
[   20.672618] UDP-Lite hash table entries: 256 (order: 1, 8192 bytes)
[   20.818270] NET: Registered protocol family 1
[   20.907548] pci 0000:00:00.0: Limiting direct PCI/PCI transfers
[   20.986231] pci 0000:00:01.0: Activating ISA DMA hang workarounds
[   21.135986] Unpacking initramfs...
[   22.904088] Freeing initrd memory: 10800K
[   23.005161] platform rtc_cmos: registered platform RTC device (no PNP device found)
[   23.200590] Scanning for low memory corruption every 60 seconds
[   23.314663] audit: initializing netlink subsys (disabled)
[   23.348972] audit: type=2000 audit(1507457929.483:1): initialized
[   23.385405] Initialise system trusted keyring
[   23.430368] HugeTLB registered 2 MB page size, pre-allocated 0 pages
[   23.538520] zbud: loaded
[   23.587923] VFS: Disk quotas dquot_6.6.0
[   23.673512] VFS: Dquot-cache hash table entries: 512 (order 0, 4096 bytes)
[   23.840353] squashfs: version 4.0 (2009/01/31) Phillip Lougher
[   23.969341] fuse init (API version 7.23)
[   24.066280] tsc: Refined TSC clocksource calibration: 2193.656 MHz
[   24.207078] clocksource: tsc: mask: 0xffffffffffffffff max_cycles: 0x1f9ec9dc78e, max_idle_ns: 440795297805 ns
[   24.207340] Key type big_key registered
[   24.207360] Allocating IMA MOK and blacklist keyrings.
[   24.207559] Key type asymmetric registered
[   24.207565] Asymmetric key parser 'x509' registered
[   24.207599] Block layer SCSI generic (bsg) driver version 0.4 loaded (major 249)
[   24.207625] io scheduler noop registered
[   24.207627] io scheduler deadline registered (default)
[   24.207651] io scheduler cfq registered
[   24.207737] pci_hotplug: PCI Hot Plug PCI Core version: 0.5
[   24.207741] pciehp: PCI Express Hot Plug Controller Driver version: 0.4
[   24.208103] ACPI: AC Adapter [AC] (on-line)
[   24.208154] input: Power Button as /devices/LNXSYSTM:00/LNXPWRBN:00/input/input0
[   24.208157] ACPI: Power Button [PWRF]
[   24.208252] input: Sleep Button as /devices/LNXSYSTM:00/LNXSLPBN:00/input/input1
[   24.208254] ACPI: Sleep Button [SLPF]
[   24.208413] GHES: HEST is not enabled!
[   24.209484] ACPI: Battery Slot [BAT0] (battery present)
[   24.209530] Serial: 8250/16550 driver, 32 ports, IRQ sharing enabled
[   24.452832] 00:02: ttyS0 at I/O 0x3f8 (irq = 4, base_baud = 115200) is a 16550A
[   24.540648] Linux agpgart interface v0.103
[   24.791027] loop: module loaded
[   24.791510] scsi host0: ata_piix
[   24.791556] scsi host1: ata_piix
[   24.791580] ata1: PATA max UDMA/33 cmd 0x1f0 ctl 0x3f6 bmdma 0xd000 irq 14
[   24.791581] ata2: PATA max UDMA/33 cmd 0x170 ctl 0x376 bmdma 0xd008 irq 15
[   24.791644] libphy: Fixed MDIO Bus: probed
[   24.791647] tun: Universal TUN/TAP device driver, 1.6
[   24.791647] tun: (C) 1999-2004 Max Krasnyansky <maxk@qualcomm.com>
[   24.791956] PPP generic driver version 2.4.2
[   24.792014] ehci_hcd: USB 2.0 'Enhanced' Host Controller (EHCI) Driver
[   24.792017] ehci-pci: EHCI PCI platform driver
[   24.792031] ehci-platform: EHCI generic platform driver
[   24.792037] ohci_hcd: USB 1.1 'Open' Host Controller (OHCI) Driver
[   24.792041] ohci-pci: OHCI PCI platform driver
[   24.792048] ohci-platform: OHCI generic platform driver
[   24.792054] uhci_hcd: USB Universal Host Controller Interface driver
[   24.792102] i8042: PNP: PS/2 Controller [PNP0303:PS2K,PNP0f03:PS2M] at 0x60,0x64 irq 1,12
[   24.886481] serio: i8042 KBD port at 0x60,0x64 irq 1
[   24.886487] serio: i8042 AUX port at 0x60,0x64 irq 12
[   24.886615] mousedev: PS/2 mouse device common for all mice
[   24.886891] rtc_cmos rtc_cmos: rtc core: registered rtc_cmos as rtc0
[   24.886938] rtc_cmos rtc_cmos: alarms up to one day, 114 bytes nvram
[   24.886943] i2c /dev entries driver
[   24.886995] device-mapper: uevent: version 1.0.3
[   24.887040] device-mapper: ioctl: 4.34.0-ioctl (2015-10-28) initialised: dm-devel@redhat.com
[   24.887055] ledtrig-cpu: registered to indicate activity on CPUs
[   24.887324] NET: Registered protocol family 10
[   24.887462] NET: Registered protocol family 17
[   24.887471] Key type dns_resolver registered
[   25.048469] microcode: CPU0 sig=0x40661, pf=0x40, revision=0x0
[   25.048695] microcode: CPU1 sig=0x40661, pf=0x40, revision=0x0
[   25.048754] microcode: Microcode Update Driver: v2.01 <tigran@aivazian.fsnet.co.uk>, Peter Oruba
[   25.048868] registered taskstats version 1
[   25.048882] Loading compiled-in X.509 certificates
[   25.049485] Loaded X.509 cert 'Build time autogenerated kernel key: b1a6ea8776bed2812c00d8a799f968274ef48628'
[   25.049504] zswap: loaded using pool lzo/zbud
[   25.050686] Key type trusted registered
[   25.052721] Key type encrypted registered
[   25.052726] AppArmor: AppArmor sha1 policy hashing enabled
[   25.052728] ima: No TPM chip found, activating TPM-bypass!
[   25.052744] evm: HMAC attrs: 0x1
[   25.053003]   Magic number: 5:954:324
[   25.053022] tty tty49: hash matches
[   25.053033] acpi PNP0B00:00: hash matches
[   25.359337] rtc_cmos rtc_cmos: setting system clock to 2017-10-08 10:19:05 UTC (1507457945)
[   25.359532] BIOS EDD facility v0.16 2004-Jun-25, 0 devices found
[   25.359532] EDD information not available.
[   25.631956] input: AT Translated Set 2 keyboard as /devices/platform/i8042/serio0/input/input2
[   29.242381] Freeing unused kernel memory: 1492K
[   29.333126] Write protecting the kernel read-only data: 14336k
[   29.487726] Freeing unused kernel memory: 1748K
[   29.576224] Freeing unused kernel memory: 112K
Loading, please wait...
starting version[   29.693711] random: systemd-udevd: uninitialized urandom read (16 bytes read, 4 bits of entropy available)
 229
[   29.695684] random: udevadm: uninitialized urandom read (16 bytes read, 4 bits of entropy available)
[   29.695721] random: udevadm: uninitialized urandom read (16 bytes read, 4 bits of entropy available)
[   29.695825] random: udevadm: uninitialized urandom read (16 bytes read, 4 bits of entropy available)
[   29.695863] random: udevadm: uninitialized urandom read (16 bytes read, 4 bits of entropy available)
[   29.695897] random: udevadm: uninitialized urandom read (16 bytes read, 4 bits of entropy available)
[   29.695932] random: udevadm: uninitialized urandom read (16 bytes read, 4 bits of entropy available)
[   29.695964] random: udevadm: uninitialized urandom read (16 bytes read, 4 bits of entropy available)
[   29.695997] random: udevadm: uninitialized urandom read (16 bytes read, 4 bits of entropy available)
[   29.696028] random: udevadm: uninitialized urandom read (16 bytes read, 4 bits of entropy available)
[   31.063676] e1000: Intel(R) PRO/1000 Network Driver - version 7.3.21-k8-NAPI
[   31.085167] e1000: Copyright (c) 1999-2006 Intel Corporation.
[   31.088715] Fusion MPT base driver 3.04.20
[   31.172701] Copyright (c) 1999-2008 LSI Corporation
[   31.291712] Fusion MPT SPI Host driver 3.04.20
[   31.394962] AVX version of gcm_enc/dec engaged.
[   31.480941] AES CTR mode by8 optimization enabled
[   31.585514] input: ImExPS/2 Generic Explorer Mouse as /devices/platform/i8042/serio1/input/input4
[   31.830694] e1000 0000:00:03.0 eth0: (PCI:33MHz:32-bit) 02:dc:25:78:06:25
[   32.013052] e1000 0000:00:03.0 eth0: Intel(R) PRO/1000 Network Connection
[   32.100098] e1000 0000:00:03.0 enp0s3: renamed from eth0
[   32.160842] mptbase: ioc0: Initiating bringup
[   32.281021] ioc0: LSI53C1030 A0: Capabilities={Initiator}
[   32.578930] scsi host2: ioc0: LSI53C1030 A0, FwRev=00000000h, Ports=1, MaxQ=256, IRQ=20
[   32.873675] scsi 2:0:0:0: Direct-Access     VBOX     HARDDISK         1.0  PQ: 0 ANSI: 5
[   33.043907] scsi target2:0:0: Beginning Domain Validation
[   33.153957] scsi target2:0:0: Domain Validation skipping write tests
[   33.299092] scsi target2:0:0: Ending Domain Validation
[   33.429136] scsi target2:0:0: asynchronous
[   33.497727] scsi 2:0:1:0: Direct-Access     VBOX     HARDDISK         1.0  PQ: 0 ANSI: 5
[   33.638419] scsi target2:0:1: Beginning Domain Validation
[   33.768705] scsi target2:0:1: Domain Validation skipping write tests
[   33.937473] scsi target2:0:1: Ending Domain Validation
[   34.073836] scsi target2:0:1: asynchronous
[   34.092609] floppy0: no floppy controllers found
[   34.092648] work still pending
[   34.301009] sd 2:0:0:0: Attached scsi generic sg0 type 0
[   34.347270] sd 2:0:1:0: Attached scsi generic sg1 type 0
[   34.347466] sd 2:0:0:0: [sda] 20971520 512-byte logical blocks: (10.7 GB/10.0 GiB)
[   34.372211] sd 2:0:1:0: [sdb] 20480 512-byte logical blocks: (10.5 MB/10.0 MiB)
[   34.621591] sd 2:0:0:0: [sda] Write Protect is off
[   34.625809] sd 2:0:1:0: [sdb] Write Protect is off
[   34.626027] sd 2:0:1:0: [sdb] Incomplete mode parameter data
[   34.626028] sd 2:0:1:0: [sdb] Assuming drive cache: write through
[   34.628334] sd 2:0:1:0: [sdb] Attached SCSI disk
[   35.379973] sd 2:0:0:0: [sda] Incomplete mode parameter data
[   35.421365] sd 2:0:0:0: [sda] Assuming drive cache: write through
[   35.447917]  sda: sda1
[   35.457192] sd 2:0:0:0: [sda] Attached SCSI disk
Begin: Loading e[   36.774315] md: linear personality registered for level -1
ssential drivers[   36.888043] md: multipath personality registered for level -4
 ... [   37.004965] md: raid0 personality registered for level 0
[   37.196723] md: raid1 personality registered for level 1
[   37.372708] raid6: sse2x1   gen()  9253 MB/s
[   37.606001] raid6: sse2x1   xor()  7693 MB/s
[   37.708541] raid6: sse2x2   gen() 11392 MB/s
[   37.852310] raid6: sse2x2   xor()  6059 MB/s
[   37.948578] raid6: sse2x4   gen() 11799 MB/s
[   38.060744] raid6: sse2x4   xor()  6712 MB/s
[   38.180986] raid6: using algorithm sse2x4 gen() 11799 MB/s
[   38.316601] raid6: .... xor() 6712 MB/s, rmw enabled
[   38.380572] raid6: using ssse3x2 recovery algorithm
[   38.426024] xor: automatically using best checksumming function:
[   38.532335]    avx       : 20122.000 MB/sec
[   38.603138] async_tx: api initialized (async)
[   38.702800] md: raid6 personality registered for level 6
[   38.727464] md: raid5 personality registered for level 5
[   38.735392] md: raid4 personality registered for level 4
[   38.751771] md: raid10 personality registered for level 10
done.
Begin: Running /scripts/init-premount ... done[   38.890821] Btrfs loaded
.
Begin: Mounting root file system ... Begin: Running /scripts/local-top ... done.
Begin: Running /scripts/local-premount ... Scanning for Btrfs filesystems
done.
Warning: fsck no[   38.949326] EXT4-fs (sda1): mounted filesystem with ordered data mode. Opts: (null)
t present, so skipping root file system
done.
Begin: Running /scripts/local-bottom ... done.
Begin: Running /scripts/init-bottom ... done.
[   39.195569] systemd[1]: systemd 229 running in system mode. (+PAM +AUDIT +SELINUX +IMA +APPARMOR +SMACK +SYSVINIT +UTMP +LIBCRYPTSETUP +GCRYPT +GNUTLS +ACL +XZ -LZ4 +SECCOMP +BLKID +ELFUTILS +KMOD -IDN)
[   39.503020] systemd[1]: Detected virtualization oracle.
[   39.531692] systemd[1]: Detected architecture x86-64.

Welcome to [1mUbuntu 16.04.3 LTS[0m!

[   39.636838] systemd[1]: Set hostname to <ubuntu>.
[   39.741552] systemd[1]: Initializing machine ID from random generator.
[   39.826205] systemd[1]: Installed transient /etc/machine-id file.
[   39.953814] systemd[1]: Listening on LVM2 metadata daemon socket.
[[0;32m  OK  [0m] Listening on LVM2 metadata daemon socket.
[   40.088980] systemd[1]: Listening on udev Control Socket.
[[0;32m  OK  [0m] Listening on udev Control Socket.
[   40.260859] systemd[1]: Listening on udev Kernel Socket.
[[0;32m  OK  [0m] Listening on udev Kernel Socket.
[   40.408896] systemd[1]: Listening on Device-mapper event daemon FIFOs.
[[0;32m  OK  [0m] Listening on Device-mapper event daemon FIFOs.
[   40.528783] systemd[1]: Listening on Journal Socket (/dev/log).
[[0;32m  OK  [0m] Listening on Journal Socket (/dev/log).
[   40.692789] systemd[1]: Listening on LVM2 poll daemon socket.
[[0;32m  OK  [0m] Listening on LVM2 poll daemon socket.
[   40.856757] systemd[1]: Listening on Journal Audit Socket.
[[0;32m  OK  [0m] Listening on Journal Audit Socket.
[   40.916570] systemd[1]: Reached target Encrypted Volumes.
[[0;32m  OK  [0m] Reached target Encrypted Volumes.
[   41.000599] systemd[1]: Reached target User and Group Name Lookups.
[[0;32m  OK  [0m] Reached target User and Group Name Lookups.
[   41.169252] systemd[1]: Set up automount Arbitrary Executable File Formats File System Automount Point.
[[0;32m  OK  [0m] Set up automount Arbitrary Executab...ats File System Automount Point.
[   41.480902] systemd[1]: Created slice User and Session Slice.
[[0;32m  OK  [0m] Created slice User and Session Slice.
[   41.581187] systemd[1]: Created slice System Slice.
[[0;32m  OK  [0m] Created slice System Slice.
[   41.709138] systemd[1]: Created slice system-serial\x2dgetty.slice.
[[0;32m  OK  [0m] Created slice system-serial\x2dgetty.slice.
[   41.880767] systemd[1]: Reached target Slices.
[[0;32m  OK  [0m] Reached target Slices.
[   41.988795] systemd[1]: Listening on /dev/initctl Compatibility Named Pipe.
[[0;32m  OK  [0m] Listening on /dev/initctl Compatibility Named Pipe.
[   42.197197] systemd[1]: Listening on Syslog Socket.
[[0;32m  OK  [0m] Listening on Syslog Socket.
[   42.344827] systemd[1]: Started Trigger resolvconf update for networkd DNS.
[[0;32m  OK  [0m] Started Trigger resolvconf update for networkd DNS.
[   42.552909] systemd[1]: Started Forward Password Requests to Wall Directory Watch.
[[0;32m  OK  [0m] Started Forward Password Requests to Wall Directory Watch.
[   42.788969] systemd[1]: Reached target Swap.
[[0;32m  OK  [0m] Reached target Swap.
[   42.920958] systemd[1]: Listening on Journal Socket.
[[0;32m  OK  [0m] Listening on Journal Socket.
[   43.036495] systemd[1]: Starting Uncomplicated firewall...
         Starting Uncomplicated firewall...
[   43.124509] systemd[1]: Starting Journal Service...
         Starting Journal Service...
[   43.208664] systemd[1]: Mounting Debug File System...
         Mounting Debug File System...
[   43.322106] random: nonblocking pool is initialized
[   43.404770] systemd[1]: Starting Load Kernel Modules...
         [   43.466717] Loading iSCSI transport class v2.0-870.
Starting Load Ke[   43.551371] iscsi: registered transport (tcp)
rnel Modules...
[   43.641526] systemd[1]: Mounting Huge Pages File System...
         [   43.753773] iscsi: registered transport (iser)
Mounting Huge Pages File System...
[   43.844551] systemd[1]: Mounting POSIX Message Queue File System...
         Mounting POSIX Message Queue File System...
[   43.984600] systemd[1]: Starting Remount Root and Kernel File Systems...
         [   44.092682] EXT4-fs (sda1): re-mounted. Opts: (null)
Starting Remount Root and Kernel File Systems...
[   44.180829] systemd[1]: Starting Set console keymap...
         Starting Set console keymap...
[   44.241241] systemd[1]: Starting Create list of required static device nodes for the current kernel...
         Starting Create list of required st... nodes for the current kernel...
[   44.412706] systemd[1]: Starting Nameserver information manager...
         Starting Nameserver information manager...
[   44.580689] systemd[1]: Starting Monitoring of LVM2 mirrors, snapshots etc. using dmeventd or progress polling...
         Starting Monitoring of LVM2 mirrors... dmeventd or progress polling...
[   44.841741] systemd[1]: Mounted POSIX Message Queue File System.
[[0;32m  OK  [0m] Mounted POSIX Message Queue File System.
[   44.981374] systemd[1]: Mounted Debug File System.
[[0;32m  OK  [0m] Mounted Debug File System.
[   45.109137] systemd[1]: Mounted Huge Pages File System.
[[0;32m  OK  [0m] Mounted Huge Pages File System.
[   45.269102] systemd[1]: Started Journal Service.
[[0;32m  OK  [0m] Started Journal Service.
[[0;32m  OK  [0m] Started Uncomplicated firewall.
[[0;32m  OK  [0m] Started Load Kernel Modules.
[[0;32m  OK  [0m] Started Remount Root and Kernel File Systems.
[[0;32m  OK  [0m] Started Set console keymap.
[[0;32m  OK  [0m] Started Create list of required sta...ce nodes for the current kernel.
[[0;32m  OK  [0m] Started Nameserver information manager.
[[0;32m  OK  [0m] Started LVM2 metadata daemon.
         Starting Create Static Device Nodes in /dev...
         Starting Initial cloud-init job (pre-networking)...
         Starting udev Coldplug all Devices...
         Starting Load/Save Random Seed...
         Starting Apply Kernel Variables...
         Mounting FUSE Control File System...
         Starting Flush Journal to Persistent Storage...
[[0;32m  OK  [0m] Mounted FUSE Control File System.
[[0;32m  OK  [0m] Started Create Static Device Nodes in /dev.
[[0;32m  OK  [0m] Started Load/Save Random Seed.
[[0;32m  OK  [0m] Started Monitoring of LVM2 mirrors,...ng dmeventd or progress polling.
[[0;32m  OK  [0m] Started Apply Kernel Variables.
[[0;32m  OK  [0m] Started udev Coldplug all Devices.
[[0;32m  OK  [0m] Started Flush Journal to Persistent Storage.
         Starting udev Kernel Device Manager...
[[0;32m  OK  [0m] Started udev Kernel Device Manager.
[[0;32m  OK  [0m] Started Dispatch Password Requests to Console Directory Watch.
[[0;32m  OK  [0m] Reached target Local File Systems (Pre).
[[0;32m  OK  [0m] Reached target Local File Systems.
[   27.898360] cloud-init[447]: Cloud-init v. 0.7.9 running 'init-local' at Sun, 08 Oct 2017 10:19:26 +0000. Up 27.65 seconds.
         Starting LSB: AppArmor initialization...
         Starting Set console font and keymap...
         Starting Create Volatile Files and Directories...
         Starting Tell Plymouth To Write Out Runtime Data...
         Starting Commit a transient machine-id on disk...
[[0;1;31mFAILED[0m] Failed to start Set console font and keymap.
See 'systemctl status console-setup.service' for details.
[[0;32m  OK  [0m] Started Create Volatile Files and Directories.
[[0;32m  OK  [0m] Started Tell Plymouth To Write Out Runtime Data.
[[0;32m  OK  [0m] Started Commit a transient machine-id on disk.
[[0;32m  OK  [0m] Started Initial cloud-init job (pre-networking).
[[0;32m  OK  [0m] Found device /dev/ttyS0.
[[0;32m  OK  [0m] Listening on Load/Save RF Kill Switch Status /dev/rfkill Watch.
[[0;32m  OK  [0m] Reached target Network (Pre).
         Starting Update UTMP about System Boot/Shutdown...
[[0;32m  OK  [0m] Reached target System Time Synchronized.
[[0;32m  OK  [0m] Created slice system-getty.slice.
[[0;32m  OK  [0m] Started LSB: AppArmor initialization.
[[0;32m  OK  [0m] Started Update UTMP about System Boot/Shutdown.
         Starting Raise network interfaces...
[[0;32m  OK  [0m] Started ifup for enp0s3.
[[0;32m  OK  [0m] Started Raise network interfaces.
[[0;32m  OK  [0m] Reached target Network.
         Starting Initial cloud-init job (metadata service crawler)...
[   32.049615] cloud-init[933]: Cloud-init v. 0.7.9 running 'init' at Sun, 08 Oct 2017 10:19:30 +0000. Up 31.37 seconds.
[   32.100714] cloud-init[933]: ci-info: +++++++++++++++++++++++++++++++++++++Net device info+++++++++++++++++++++++++++++++++++++
[   32.100918] cloud-init[933]: ci-info: +--------+------+---------------------------+---------------+-------+-------------------+
[[0;32m  OK  [0m] Started Initial cloud-init job (metadata service crawler).
[   32.101044] cloud-init[933]: ci-info: | Device |  Up  |          Address          |      Mask     | Scope |     Hw-Address    |
[   32.276656] cloud-init[933]: ci-info: +--------+------+---------------------------+---------------+-------+-------------------+
[   32.276992] cloud-init[933]: ci-info: |   lo   | True |         127.0.0.1         |   255.0.0.0   |   .   |         .         |
[[0;32m  OK  [0m] Reached target Network is Online.
[   32.277129] cloud-init[933]: ci-info: |   lo   | True |          ::1/128          |       .       |  host |         .         |
[   32.384977] cloud-init[933]: ci-info: | enp0s3 | True |         10.0.2.15         | 255.255.255.0 |   .   | 02:dc:25:78:06:25 |
         Starting iSCSI initiator daemon (iscsid)...
[[   32.385708] cloud-init[933]: ci-info: | enp0s3 | True | fe80::dc:25ff:fe78:625/64 |       .       |  link | 02:dc:25:78:06:25 |
[   32.459257] cloud-init[933]: ci-info: +--------+------+---------------------------+---------------+-------+-------------------+
[0;32m  OK  [0m] Reached target System Initialization.
[[   32.459350] cloud-init[933]: ci-info: +++++++++++++++++++++++++++Route IPv4 info++++++++++++++++++++++++++++
[   32.545081] cloud-init[933]: ci-info: +-------+-------------+----------+---------------+-----------+-------+
[   32.545176] cloud-init[933]: ci-info: | Route | Destination | Gateway  |    Genmask    | Interface | Flags |
[   32.545313] cloud-init[933]: ci-info: +-------+-------------+----------+---------------+-----------+-------+
[   32.545456] cloud-init[933]: ci-info: |   0   |   0.0.0.0   | 10.0.2.2 |    0.0.0.0    |   enp0s3  |   UG  |
[   32.545601] cloud-init[933]: ci-info: |   1   |   10.0.2.0  | 0.0.0.0  | 255.255.255.0 |   enp0s3  |   U   |
[   32.545746] cloud-init[933]: ci-info: +-------+-------------+----------+---------------+-----------+-------+
[   32.546065] cloud-init[933]: Generating public/private rsa key pair.
[   32.546190] cloud-init[933]: Your identification has been saved in /etc/ssh/ssh_host_rsa_key.
[   32.546348] cloud-init[933]: Your public key has been saved in /etc/ssh/ssh_host_rsa_key.pub.
[   32.546506] cloud-init[933]: The key fingerprint is:
[   32.546660] cloud-init[933]: SHA256:4O4Ee45ZQuTdHmlEvEnkA7AUqa2jiZ4KYHqkrEJvFUo root@ubuntu-xenial
[   32.546815] cloud-init[933]: The key's randomart image is:
[   32.546970] cloud-init[933]: +---[RSA 2048]----+
[   32.547123] cloud-init[933]: |    ++.oo        |
[0;32m  OK  [0m] Listening on ACPID Listen Socket.
[   32.547280] cloud-init[933]: |   ... +o        |
[   33.028975] cloud-init[933]: |   oo ..+o       |
[   33.029278] cloud-init[933]: |  .E.+ +oo       |
         Starting LXD - unix socket.
[   33.029508] cloud-init[933]: |..o.= + S        |
[   33.128391] cloud-init[933]: |=+oo = o .       |
[   33.128687] cloud-init[933]: |*+o.+ = .        |
[[0;32m  OK  [0m] Started ACPI Events Check.
[[   33.128817] cloud-init[933]: |B..o X           |
[   33.177589] cloud-init[933]: |*o. o o          |
[0;32m  OK  [0m] Reached target Paths.
[   33.177727] cloud-init[933]: +----[SHA256]-----+
[[0;32m  OK  [0m] Started Daily Cleanup of Temporary Directories.
[   33.257012] cloud-init[933]: Generating public/private dsa key pair.
[   33.289067] cloud-init[933]: Your identification has been saved in /etc/ssh/ssh_host_dsa_key.
[[0;32m  OK  [0m] [   33.289519] Started Timer to automatically refresh installed snaps.cloud-init
[933]: Your public key has been saved in /etc/ssh/ssh_host_dsa_key.pub.
[   33.380408] cloud-init[933]: The key fingerprint is:
         Starting Socket activation for snappy daemon.
[   33.380718] cloud-init[933]: SHA256:vKc8mU3c8afwR2yMmAgAMoAnQko6/Drhkp4gCayOYbM root@ubuntu-xenial
[   33.476446] cloud-init[933]: The key's randomart image is:
[   33.476701] cloud-init[933]: +---[DSA 1024]----+
[[0;32m  OK  [0m[   33.476968] ] cloud-initStarted Daily apt download activities.[933]: 
|++o ..           |
[[   33.477032] cloud-init[933]: |O .o  .          |
[   33.501135] cloud-init[933]: |=+     .         |
[0;32m  OK  [0m] Listening on D-Bus System Message Bus Socket.
[[   33.501220] cloud-init[933]: |...    ..   .    |
[0;32m  OK  [0m] Listening on UUID daemon activation socket.
[[   33.581887] cloud-init[933]: |.o .    So o = + |
[   33.648908] cloud-init[933]: |+oo      .+ = o *|
[0;32m  OK  [0m] Started Timer to automatically fetch and run repair assertions.
[[   33.649070] cloud-init[933]: |O*      .=.  o = |
[   33.748912] cloud-init[933]: |O.=    .+o.   o .|
[0;32m  OK  [0m] Started Daily apt upgrade and clean activities.
[[   33.749013] cloud-init[933]: |.E      o.     . |
[   33.849790] cloud-init[933]: +----[SHA256]-----+
[0;32m  OK  [0m] Reached target Timers.
[[   33.850113] cloud-init[933]: Generating public/private ecdsa key pair.
[   33.937560] cloud-init[933]: Your identification has been saved in /etc/ssh/ssh_host_ecdsa_key.
[0;32m  OK  [0m] Reached target Cloud-config availability.
[   33.937862] cloud-init[933]: Your public key has been saved in /etc/ssh/ssh_host_ecdsa_key.pub.
[   34.075581] cloud-init[933]: The key fingerprint is:
[   34.075857] cloud-init[933]: SHA256:GBWbxLzDWZ3iYBY2vbPbAxe2lSIHf7I4YakUW8cSUnI root@ubuntu-xenial
[[0;32m  OK  [0m] Listening on LXD - unix socket.
[   34.076104] cloud-init[933]: The key's randomart image is:
[   34.188999] cloud-init[933]: +---[ECDSA 256]---+
[[0;32m  OK  [0m] Listening on Socket activation for snappy daemon.
[   34.189161] cloud-init[933]: |       oX=E+ .   |
[   34.316430] cloud-init[933]: |       +BBB =    |
[   34.316941] cloud-init[933]: |      .+oX O   . |
[[0;32m  OK  [0m] Started iSCSI initiator daemon (iscsid).
[   34.317235] cloud-init[933]: |       oB O B +  |
[   34.448642] cloud-init[933]: |      ..S+ O O   |
[   34.448965] cloud-init[933]: |        . = +    |
         Starting Login to default iSCSI targets...
[[   34.449324] cloud-init[933]: |           *     |
[   34.509397] cloud-init[933]: |          . o    |
[0;32m  OK  [0m] Reached target Sockets.
[   34.509597] cloud-init[933]: [|             .   |[0;32m  OK  [0m
] Reached target Basic System.
[   34.573626] cloud-init[933]: +----[SHA256]-----+
[   34.644780] cloud-init[933]: Generating public/private ed25519 key pair.
         Starting Pollinate to seed the pseudo random number generator...
[   34.645666] cloud-init[933]: Your identification has been saved in /etc/ssh/ssh_host_ed25519_key.
[   34.752445] cloud-init[933]: Your public key has been saved in /etc/ssh/ssh_host_ed25519_key.pub.
[   34.752802] cloud-init[933]: The key fingerprint is:
         Starting Accounts Service...
[   34.753030] cloud-init[933]: SHA256:ud4ipBet+Y/6BLrzRAtNwPX3JigNGXe7TGEOPZ1jQC4 root@ubuntu-xenial
[   34.876406] cloud-init[933]: The key's randomart image is:
[   34.876732] cloud-init[933]: +--[ED25519 256]--+
         Starting Login Service...
[   34.876853] cloud-init[933]: |   ...o oo*o .   |
[   34.964472] cloud-init[933]: |    .. = *oo=    |
[   34.964956] cloud-init[933]: |      + E *o .   |
[[0;32m  OK  [0m] Started Regular background program processing daemon.
[   34.965101] cloud-init[933]: |     o o B o     |
         Starting Apply the settings specified in cloud-config...
[   35.072350] cloud-init[933]: |    . =.S + o    |
[   35.121978] cloud-init[933]: |     +o+.. o     |
         Starting LXD - container startup/shutdown...
[   35.150808] cloud-init[933]: |    .oo+o        |
[   35.196699] cloud-init[933]: |    oo=o.o       |
[[0;32m  OK  [0m] Started FUSE filesystem for LXC.
[   35.232676] cloud-init[933]: |    .+o==oo      |
         Starting LSB: Record successful boot for GRUB...
[   35.290947] cloud-init[933]: +----[SHA256]-----+
         Starting Snappy daemon...
[[0;32m  OK  [0m] Started Deferred execution scheduler.
         Starting System Logging Service...
[   35.511855] cloud-init[1080]: Generating locales (this might take a while)...
[[0;32m  OK  [0m] Started D-Bus System Message Bus.
[[0;32m  OK  [0m] Started ACPI event daemon.
[[0;32m  OK  [0m] Started Unattended Upgrades Shutdown.
         Starting LSB: MD monitoring daemon...
         Starting /etc/rc.local Compatibility...
[[0;32m  OK  [0m] Started Snappy daemon.
[[0;32m  OK  [0m] Started System Logging Service.
[[0;32m  OK  [0m] Started Pollinate to seed the pseudo random number generator.
[[0;32m  OK  [0m] Started LXD - container startup/shutdown.
[[0;32m  OK  [0m] Started /etc/rc.local Compatibility.
[[0;32m  OK  [0m] Started Login to default iSCSI targets.
[[0;32m  OK  [0m] Started LSB: Record successful boot for GRUB.
[[0;32m  OK  [0m] Started LSB: MD monitoring daemon.
[[0;32m  OK  [0m] Started Login Service.
         Starting Authenticate and Authorize Users to Run Privileged Tasks...
[[0;32m  OK  [0m] Reached target Remote File Systems (Pre).
[[0;32m  OK  [0m] Reached target Remote File Systems.
         Starting LSB: Set the CPU Frequency Scaling governor to "ondemand"...
         Starting LSB: daemon to balance interrupts for SMP systems...
[   36.385622] cloud-init[1080]:   en_US.UTF-8... done
[   36.404463] cloud-init[1080]: Generation complete.
         Starting LSB: automatic crash report generation...
         Starting LSB: VirtualBox Linux Additions...
         Starting Permit User Sessions...
         Starting OpenBSD Secure Shell server...
         Starting Auto import assertions from block devices...
[[0;32m  OK  [0m] Started OpenBSD Secure Shell server.
[[0;32m  OK  [0m] Started Permit User Sessions.
[[0;32m  OK  [0m] Started Auto import assertions from block devices.
[[0;32m  OK  [0m] Started Authenticate and Authorize Users to Run Privileged Tasks.
[[0;32m  OK  [0m] Started Accounts Service.
[[0;32m  OK  [0m] Started LSB: Set the CPU Frequency Scaling governor to "ondemand".
[[0;32m  OK  [0m] Started LSB: daemon to balance interrupts for SMP systems.
         Starting Hold until boot process finishes up...
         Starting Terminate Plymouth Boot Screen...
[[0;32m  OK  [0m] Started LSB: automatic crash report generation.
[[0;32m  OK  [0m] Started LSB: VirtualBox Linux Additions.
[[0;32m  OK  [0m] Started Hold until boot process finishes up.
[[0;32m  OK  [0m] Started Terminate Plymouth Boot Screen.
         Stopping OpenBSD Secure Shell server...
         Starting Set console scheme...
[[0;32m  OK  [0m] Started Getty on tty1.
[[0;32m  OK  [0m] Started Serial Getty on ttyS0.
[[0;32m  OK  [0m] Reached target Login Prompts.
[[0;32m  OK  [0m] Stopped OpenBSD Secure Shell server.
[[0;32m  OK  [0m] Started Set console scheme.
         Starting OpenBSD Secure Shell server...
[[0;32m  OK  [0m] Started OpenBSD Secure Shell server.
[[0;32m  OK  [0m] Reached target Multi-User System.
[[0;32m  OK  [0m] Reached target Graphical Interface.
         Starting Update UTMP about System Runlevel Changes...
[[0;32m  OK  [0m] Started Update UTMP about System Runlevel Changes.
[[0;32m  OK  [0m] Created slice User Slice of ubuntu.
         Starting User Manager for UID 1000...
[[0;32m  OK  [0m] Started User Manager for UID 1000.
[[0;32m  OK  [0m] Started Apply the settings specified in cloud-config.
[   37.406696] cloud-init[1080]: Cloud-init v. 0.7.9 running 'modules:config' at Sun, 08 Oct 2017 10:19:34 +0000. Up 35.34 seconds.
[[0;32m  OK  [0m] Started Session 1 of user ubuntu.
         Starting Execute cloud user/final scripts...
ci-info: no authorized ssh keys fingerprints found for user ubuntu.
<14>Oct  8 10:19:37 ec2: 
<14>Oct  8 10:19:37 ec2: #############################################################
<14>Oct  8 10:19:37 ec2: -----BEGIN SSH HOST KEY FINGERPRINTS-----
<14>Oct  8 10:19:37 ec2: 1024 SHA256:vKc8mU3c8afwR2yMmAgAMoAnQko6/Drhkp4gCayOYbM root@ubuntu-xenial (DSA)
<14>Oct  8 10:19:37 ec2: 256 SHA256:GBWbxLzDWZ3iYBY2vbPbAxe2lSIHf7I4YakUW8cSUnI root@ubuntu-xenial (ECDSA)
<14>Oct  8 10:19:37 ec2: 256 SHA256:ud4ipBet+Y/6BLrzRAtNwPX3JigNGXe7TGEOPZ1jQC4 root@ubuntu-xenial (ED25519)
<14>Oct  8 10:19:37 ec2: 2048 SHA256:4O4Ee45ZQuTdHmlEvEnkA7AUqa2jiZ4KYHqkrEJvFUo root@ubuntu-xenial (RSA)
<14>Oct  8 10:19:37 ec2: -----END SSH HOST KEY FINGERPRINTS-----
<14>Oct  8 10:19:37 ec2: #############################################################
-----BEGIN SSH HOST KEY KEYS-----
ecdsa-sha2-nistp256 AAAAE2VjZHNhLXNoYTItbmlzdHAyNTYAAAAIbmlzdHAyNTYAAABBBHMA3UFbox7W3FHtt5z6DV9X/LUzm4eWlsmHnjjOnS0RnZlLpkEFBHz3Mph+EaRT+Z4lMK+Gg6FhR2gmp1FicTM= root@ubuntu-xenial
ssh-ed25519 AAAAC3NzaC1lZDI1NTE5AAAAIL7dxkg5RR7/4r3KWKI0/31xEUtSHQWIx21ALPIqtFjL root@ubuntu-xenial
ssh-rsa AAAAB3NzaC1yc2EAAAADAQABAAABAQDHJRneIxNzywuiy4n614sF/YOo3USvWGYNe45lCZyztf6mYboQKDk3o1vwz3eiH1SHkZ7uzPaYYx9k6DUsnAklR8dc52/xrF9vB04AJUIH2SCdYYBYfUjoQmCljvG0Zn/MXluXxdJa1xGocyHlarbIRJfn/AdSLjipFKzSFcp9bILUYajG3fOvwQCQ6woBxIWyaP9vcpIKIGyMJTDjeqJdk4nlrlKyoaO9J6YHccm6PooEhdwzx2fswxtFXTPcGaTYY84DNczoz2dzEKLtAKzILBPNCSlmcFm9vSx4uJgYh52XxfM2h/cBfDHJb3mUitePcLs6BDbKw60EpNo0jfYH root@ubuntu-xenial
-----END SSH HOST KEY KEYS-----
         Stopping User Manager for UID 1000...
[   38.925137] cloud-init[1310]: Cloud-init v. 0.7.9 running 'modules:final' at Sun, 08 Oct 2017 10:19:36 +0000. Up 37.93 seconds.
[   38.966729] [[0;32m  OK  [0m] Stopped User Manager for UID 1000.
cloud-init[1310]: ci-info: no authorized ssh keys fingerprints found for user ubuntu.
[   39.016739] [cloud-init[0;32m  OK  [0m[1310]: ] Cloud-init v. 0.7.9 finished at Sun, 08 Oct 2017 10:19:37 +0000. Datasource DataSourceNoCloud [seed=/dev/sdb][dsmode=net].  Up 38.91 secondsStarted Execute cloud user/final scripts.

[[0;32m  OK  [0m] Removed slice User Slice of ubuntu.
[[0;32m  OK  [0m] Reached target Cloud-init target.

Ubuntu 16.04.3 LTS instance ttyS0

instance login: 